$ git grpe (画像ファイル名)
画像ファイルがどのファイルで使用されているか(反映するための処理が書かれているか)

$ git status
編集記録が記録されている

$ git checkout -f
編集の記録を取り消す

●HEADとは？
今自分が作業している場所を示すポインタ

●GitHubのCircleCIでエラーに疑問を感じたときの操作方法
All checks have failed
↓
Details
↓
deplay - Failed
(クリック)
↓
Rerun▼
Rerun Workflow from Failed

●新しいブランチで作業しているときに前のブランチで修正が見つかったときの退避→修正→元のブランチに戻るまで
Aを編集中
↓
GitHubのエラーに気づく(Bで作業済み)
↓
Aのブランチを退避させるために下記のコマンドを実行する
$ git stash
↓
$ git checkout B
↓
Bのブランチでmasterを取り込むために下記のコマンドを実行する。(Aの直前の編集なら意味がないけどAとBの間に編集があった場合にBのブランチを最新にする意味合いがある)
$ git fetch origin master
↓
$ git merge origin/master
↓
Bを編集
↓
PRをするときの要領でpushまで行う
↓
$ git checkout A
↓
退避した内容を元に戻す
$ git stash pop
